Microchip MPLAB XC8 Compiler V3.00

Linker command line:

-W-3 --edf=/opt/microchip/xc8/v3.00/pic/dat/20241204225717_en.msgs -cn \
  -h+dist/default/production/WASHING_MACHINE.X.production.sym \
  --cmf=dist/default/production/WASHING_MACHINE.X.production.cmf -z \
  -Q16F877A -o/tmp/xcXfdfgEj/driver_tmp_3.o --defsym=__MPLAB_BUILD=1 \
  --fixupoverflow=error \
  -Mdist/default/production/WASHING_MACHINE.X.production.map \
  --md=/tmp/xcXfdfgEj/driver_tmp_0.dat -E1 -ver=XC8 Compiler \
  -ACODE=00h-07FFhx4 -ASTRCODE=00h-01FFFh -ASTRING=00h-0FFhx32 \
  -ACONST=00h-0FFhx32 -AENTRY=00h-0FFhx32 -ACOMMON=070h-07Fh \
  -ABANK0=020h-06Fh -ABANK1=0A0h-0EFh -ABANK2=0110h-016Fh \
  -ABANK3=0190h-01EFh -ARAM=020h-06Fh,0A0h-0EFh,0110h-016Fh,0190h-01EFh \
  -AABS1=020h-07Fh,0A0h-0EFh,0110h-016Fh,0190h-01EFh -ASFR0=00h-01Fh \
  -ASFR1=080h-09Fh -ASFR2=0100h-010Fh -ASFR3=0180h-018Fh \
  -ACONFIG=02007h-02007h -DCONFIG=2 -AIDLOC=02000h-02003h -DIDLOC=2 \
  -AEEDATA=00h-0FFh/02100h -peeprom_data=EEDATA -DEEDATA=2 -DCODE=2 \
  -DSTRCODE=2 -DSTRING=2 -DCONST=2 -DENTRY=2 \
  -preset_vec=00h,intentry=04h,sivt,init,end_init -ppowerup=CODE \
  -pcinit=CODE -pfunctab=ENTRY -k /tmp/xcXfdfgEj/driver_tmp_12.o \
  dist/default/production/WASHING_MACHINE.X.production.o 

Object code version is 3.11

Machine type is 16F877A



                Name                               Link     Load   Length Selector   Space Scale
/tmp/xcXfdfgEj/driver_tmp_12.o
                end_init                              C        C        3        8       0
                reset_vec                             0        0        3        0       0
                config                             2007     2007        1        0       4
dist/default/production/WASHING_MACHINE.X.production.o
                cinit                                 F        F       32        8       0
                intentry                              4        4        8        8       0
                config                             2007     2007        1        0       4
                text27                             155F     155F       4D     2ABE       0
                text26                              7DF      7DF       20        8       0
                text25                             15AC     15AC       57     2B58       0
                text24                              805      805        B     100A       0
                text23                             1445     1445        6     288A       0
                text22                             144B     144B        9     2896       0
                text21                             14A0     14A0       1A     2940       0
                text20                             152C     152C       33     2A58       0
                text19                             148B     148B       15     2916       0
                text18                             171D     171D       6F     2E3A       0
                text17                             178C     178C       74     2F18       0
                text16                             16B8     16B8       65     2D70       0
                text15                             1603     1603       57     2C06       0
                text14                             1465     1465       13     28CA       0
                text13                              8B3      8B3       A4     1166       0
                text12                             1503     1503       29     2A06       0
                text11                              427      427      342        8       0
                text10                              DA8      DA8      258     1B50       0
                text9                              14BA     14BA       24     2974       0
                text8                               769      769       76        8       0
                text7                               957      957       B6     12AE       0
                text6                              1454     1454       11     28A8       0
                text5                              165A     165A       5E     2CB4       0
                text4                                41       41      3E6        8       0
                text3                               B14      B14      146     1628       0
                text2                               A0D      A0D      107     141A       0
                text1                               810      810       A3     1020       0
                maintext                            C5A      C5A      14E     18B4       0
                cstackBANK0                          20       20       49       20       1
                cstackCOMMON                         70       70        9       70       1
                cstackBANK1                          D0       D0        7       A0       1
                inittext                           1478     1478       13     28F0       0
                dataBANK1                            A0       A0       25       A0       1
                bssBANK1                             C5       C5        B       A0       1
                bssBANK0                             69       69        4       20       1
                dataCOMMON                           79       79        2       70       1
                bssCOMMON                            7B       7B        1       70       1
                stringtext                         1000     1000      187       20       0
                strings                            1187     1187       12     230E       0
                idataBANK1                         14DE     14DE       25     29BC       0
                idataCOMMON                         803      803        2     1006       0

TOTAL           Name                               Link     Load   Length     Space
        CLASS   CODE           
                end_init                              C        C        3         0
                cinit                                 F        F       32         0
                intentry                              4        4        8         0
                reset_vec                             0        0        3         0
                text27                             155F     155F       4D         0
                text26                              7DF      7DF       20         0
                text25                             15AC     15AC       57         0
                text24                              805      805        B         0
                text23                             1445     1445        6         0
                text22                             144B     144B        9         0
                text21                             14A0     14A0       1A         0
                text20                             152C     152C       33         0
                text19                             148B     148B       15         0
                text18                             171D     171D       6F         0
                text17                             178C     178C       74         0
                text16                             16B8     16B8       65         0
                text15                             1603     1603       57         0
                text14                             1465     1465       13         0
                text13                              8B3      8B3       A4         0
                text12                             1503     1503       29         0
                text11                              427      427      342         0
                text10                              DA8      DA8      258         0
                text9                              14BA     14BA       24         0
                text8                               769      769       76         0
                text7                               957      957       B6         0
                text6                              1454     1454       11         0
                text5                              165A     165A       5E         0
                text4                                41       41      3E6         0
                text3                               B14      B14      146         0
                text2                               A0D      A0D      107         0
                text1                               810      810       A3         0
                maintext                            C5A      C5A      14E         0
                inittext                           1478     1478       13         0
                idataBANK1                         14DE     14DE       25         0
                idataCOMMON                         803      803        2         0

        CLASS   STRCODE        
                stringtext                         1000     1000      187         0

        CLASS   STRING         
                strings                            1187     1187       12         0

        CLASS   CONST          

        CLASS   ENTRY          

        CLASS   COMMON         
                cstackCOMMON                         70       70        9         1
                dataCOMMON                           79       79        2         1
                bssCOMMON                            7B       7B        1         1

        CLASS   BANK0          
                cstackBANK0                          20       20       49         1
                bssBANK0                             69       69        4         1

        CLASS   BANK1          
                cstackBANK1                          D0       D0        7         1
                dataBANK1                            A0       A0       25         1
                bssBANK1                             C5       C5        B         1

        CLASS   BANK2          

        CLASS   BANK3          

        CLASS   RAM            

        CLASS   ABS1           
                abs_s1                               7E       7E        2         1

        CLASS   SFR0           

        CLASS   SFR1           

        CLASS   SFR2           

        CLASS   SFR3           

        CLASS   CONFIG         
                config                             2007     2007        1         4

        CLASS   IDLOC          

        CLASS   EEDATA         

        CLASS   HEAP           

        CLASS   STACK          



SEGMENTS        Name                           Load    Length   Top    Selector   Space  Class     Delta

                text25                         0015AC  000057  001603      2B58       0  CODE        2
                text15                         001603  000057  00165A      2C06       0  CODE        2
                text5                          00165A  00005E  0016B8      2CB4       0  CODE        2
                text12                         001503  000029  00152C      2A06       0  CODE        2
                text20                         00152C  000033  00155F      2A58       0  CODE        2
                text27                         00155F  00004D  0015AC      2ABE       0  CODE        2
                text1                          000810  0000A3  0008B3      1020       0  CODE        2
                text13                         0008B3  0000A4  000957      1166       0  CODE        2
                text7                          000957  0000B6  000A0D      12AE       0  CODE        2
                text16                         0016B8  000065  00171D      2D70       0  CODE        2
                text18                         00171D  00006F  00178C      2E3A       0  CODE        2
                text17                         00178C  000074  001800      2F18       0  CODE        2
                text24                         000805  00000B  000810      100A       0  CODE        2
                text6                          001454  000011  001465      28A8       0  CODE        2
                strings                        001187  000012  001199      230E       0  STRING      2
                idataCOMMON                    000803  000002  000805      1006       0  CODE        2
                text23                         001445  000006  00144B      288A       0  CODE        2
                text22                         00144B  000009  001454      2896       0  CODE        2
                text21                         0014A0  00001A  0014BA      2940       0  CODE        2
                text9                          0014BA  000024  0014DE      2974       0  CODE        2
                idataBANK1                     0014DE  000025  001503      29BC       0  CODE        2
                text14                         001465  000013  001478      28CA       0  CODE        2
                inittext                       001478  000013  00148B      28F0       0  CODE        2
                text19                         00148B  000015  0014A0      2916       0  CODE        2
                cstackBANK0                    000020  00004D  00006D        20       1  BANK0       1
                intentry                       000004  0007FB  0007FF         8       0  CODE        2
                reset_vec                      000000  000003  000003         0       0  CODE        2
                cstackCOMMON                   000070  00000C  00007C        70       1  COMMON      1
                maintext                       000C5A  00014E  000DA8      18B4       0  CODE        2
                text3                          000B14  000146  000C5A      1628       0  CODE        2
                stringtext                     001000  000187  001187        20       0  STRCODE     2
                text2                          000A0D  000107  000B14      141A       0  CODE        2
                dataBANK1                      0000A0  000037  0000D7        A0       1  BANK1       1
                text10                         000DA8  000258  001000      1B50       0  CODE        2


UNUSED ADDRESS RANGES

        Name                Unused          Largest block    Delta
        BANK0            006D-006F              3           1
        BANK1            00D7-00EF             19           1
        BANK2            0110-016F             60           1
        BANK3            0190-01EF             60           1
        CODE             0003-0003              1           2
                         07FF-0802              1
                         1199-1444            2AC
                         1800-1FFF            800
        COMMON           007C-007D              2           1
        CONST            0003-0003              1           2
                         07FF-0802              1
                         1199-1444            100
                         1800-1FFF            100
        EEDATA           2100-21FF            100           2
        ENTRY            0003-0003              1           2
                         07FF-0802              1
                         1199-1444            100
                         1800-1FFF            100
        IDLOC            2000-2003              4           2
        RAM              006D-006F              3           1
                         00D7-00EF             19
                         0110-016F             60
                         0190-01EF             60
        SFR0             0000-001F             20           1
        SFR1             0080-009F             20           1
        SFR2             0100-010F             10           1
        SFR3             0180-018F             10           1
        STRCODE          0003-0003              1           2
                         07FF-0802              4
                         1199-1444            2AC
                         1800-1FFF            800
        STRING           0003-0003              1           2
                         07FF-0802              1
                         1199-1444            100
                         1800-1FFF            100

                                  Symbol Table

?__Umul8_16                      cstackCOMMON 0072
?___awdiv                        cstackCOMMON 0072
?___awmod                        cstackCOMMON 0072
?___fladd                        cstackBANK0  0020
?___flmul                        cstackBANK0  002A
?___flsub                        cstackBANK0  0044
?___fltol                        cstackBANK0  0044
?___xxtofl                       cstackCOMMON 0072
_GIE                             (abs)        005F
_PEIE                            (abs)        005E
_PORTB                           (abs)        0006
_PORTD                           (abs)        0008
_PR2                             (abs)        0092
_RB0                             (abs)        0030
_RC1                             (abs)        0039
_RC2                             (abs)        003A
_RE1                             (abs)        0049
_RE2                             (abs)        004A
_TMR2IE                          (abs)        0461
_TMR2IF                          (abs)        0061
_TMR2ON                          (abs)        0092
_TRISB                           (abs)        0086
_TRISC1                          (abs)        0439
_TRISC2                          (abs)        043A
_TRISD                           (abs)        0088
_TRISE1                          (abs)        0449
_TRISE2                          (abs)        044A
__H__absolute__                  __absolute__ 0000
__Habs1                          abs1         0000
__Hbank0                         bank0        0000
__Hbank1                         bank1        0000
__Hbank2                         bank2        0000
__Hbank3                         bank3        0000
__HbssBANK0                      bssBANK0     0000
__HbssBANK1                      bssBANK1     0000
__HbssCOMMON                     bssCOMMON    0000
__Hcinit                         cinit        0041
__Hclrtext                       clrtext      0000
__Hcode                          code         0000
__Hcommon                        common       0000
__Hconfig                        config       2008
__HcstackBANK0                   cstackBANK0  0000
__HcstackBANK1                   cstackBANK1  0000
__HcstackCOMMON                  cstackCOMMON 0000
__HdataBANK1                     dataBANK1    0000
__HdataCOMMON                    dataCOMMON   0000
__Heeprom_data                   eeprom_data  0000
__Hend_init                      end_init     000F
__Hfunctab                       functab      0000
__Hheap                          heap         0000
__HidataBANK1                    idataBANK1   0000
__HidataCOMMON                   idataCOMMON  0000
__Hinit                          init         000C
__Hinittext                      inittext     0000
__Hintentry                      intentry     000C
__Hmaintext                      maintext     0000
__Hpowerup                       powerup      0000
__Hram                           ram          0000
__Hreset_vec                     reset_vec    0003
__Hsfr0                          sfr0         0000
__Hsfr1                          sfr1         0000
__Hsfr2                          sfr2         0000
__Hsfr3                          sfr3         0000
__Hsivt                          sivt         000C
__Hspace_0                       (abs)        1800
__Hspace_1                       (abs)        00D7
__Hspace_2                       (abs)        0000
__Hspace_3                       (abs)        0000
__Hspace_4                       (abs)        400F
__Hstack                         stack        0000
__Hstrings                       strings      0000
__Hstringtext                    stringtext   0000
__Htext                          text         0000
__L__absolute__                  __absolute__ 0000
__Labs1                          abs1         0000
__Lbank0                         bank0        0000
__Lbank1                         bank1        0000
__Lbank2                         bank2        0000
__Lbank3                         bank3        0000
__LbssBANK0                      bssBANK0     0000
__LbssBANK1                      bssBANK1     0000
__LbssCOMMON                     bssCOMMON    0000
__Lcinit                         cinit        000F
__Lclrtext                       clrtext      0000
__Lcode                          code         0000
__Lcommon                        common       0000
__Lconfig                        config       0000
__LcstackBANK0                   cstackBANK0  0000
__LcstackBANK1                   cstackBANK1  0000
__LcstackCOMMON                  cstackCOMMON 0000
__LdataBANK1                     dataBANK1    0000
__LdataCOMMON                    dataCOMMON   0000
__Leeprom_data                   eeprom_data  0000
__Lend_init                      end_init     000C
__Lfunctab                       functab      0000
__Lheap                          heap         0000
__LidataBANK1                    idataBANK1   0000
__LidataCOMMON                   idataCOMMON  0000
__Linit                          init         000C
__Linittext                      inittext     0000
__Lintentry                      intentry     0004
__Lmaintext                      maintext     0000
__Lpowerup                       powerup      0000
__Lram                           ram          0000
__Lreset_vec                     reset_vec    0000
__Lsfr0                          sfr0         0000
__Lsfr1                          sfr1         0000
__Lsfr2                          sfr2         0000
__Lsfr3                          sfr3         0000
__Lsivt                          sivt         000C
__Lspace_0                       (abs)        0000
__Lspace_1                       (abs)        0000
__Lspace_2                       (abs)        0000
__Lspace_3                       (abs)        0000
__Lspace_4                       (abs)        0000
__Lstack                         stack        0000
__Lstrings                       strings      0000
__Lstringtext                    stringtext   0000
__Ltext                          text         0000
__S0                             (abs)        1800
__S1                             (abs)        00D7
__S3                             (abs)        0000
__Umul8_16                       text12       1503
__Umul8_16@multiplicand          cstackCOMMON 0072
__Umul8_16@multiplier            cstackBANK0  0024
__Umul8_16@product               cstackBANK0  0020
__Umul8_16@word_mpld             cstackBANK0  0022
___awdiv                         text16       16B8
___awdiv@counter                 cstackBANK0  0020
___awdiv@dividend                cstackCOMMON 0074
___awdiv@divisor                 cstackCOMMON 0072
___awdiv@quotient                cstackBANK0  0022
___awdiv@sign                    cstackBANK0  0021
___awmod                         text15       1603
___awmod@counter                 cstackCOMMON 0076
___awmod@dividend                cstackCOMMON 0074
___awmod@divisor                 cstackCOMMON 0072
___awmod@sign                    cstackCOMMON 0077
___bmul                          text14       1465
___bmul@multiplicand             cstackCOMMON 0072
___bmul@multiplier               cstackCOMMON 0074
___bmul@product                  cstackCOMMON 0073
___fladd                         text10       0DA8
___fladd@a                       cstackBANK0  0024
___fladd@aexp                    cstackCOMMON 0073
___fladd@b                       cstackBANK0  0020
___fladd@bexp                    cstackCOMMON 0074
___fladd@grs                     cstackCOMMON 0075
___fladd@signs                   cstackCOMMON 0072
___flge                          text13       08B3
___flge@ff1                      cstackBANK0  004C
___flge@ff2                      cstackBANK0  0050
___flmul                         text11       0427
___flmul@a                       cstackBANK0  002E
___flmul@aexp                    cstackBANK0  0038
___flmul@b                       cstackBANK0  002A
___flmul@bexp                    cstackBANK0  003D
___flmul@grs                     cstackBANK0  0039
___flmul@prod                    cstackBANK0  003E
___flmul@sign                    cstackBANK0  0037
___flmul@temp                    cstackBANK0  0042
___flsub                         text9        14BA
___flsub@a                       cstackBANK0  0044
___flsub@b                       cstackBANK0  0048
___fltol                         text8        0769
___fltol@exp1                    cstackCOMMON 0077
___fltol@f1                      cstackBANK0  0044
___fltol@sign1                   cstackCOMMON 0076
___heap_hi                       (abs)        0000
___heap_lo                       (abs)        0000
___int_sp                        stack        0000
___int_stack_hi                  stack        0000
___int_stack_lo                  stack        0000
___latbits                       (abs)        0002
___sp                            stack        0000
___stack_hi                      stack        0000
___stack_lo                      stack        0000
___stackhi                       (abs)        0000
___stacklo                       (abs)        0000
___xxtofl                        text7        0957
___xxtofl@arg                    cstackBANK0  0026
___xxtofl@exp                    cstackBANK0  0025
___xxtofl@sign                   cstackBANK0  0024
___xxtofl@val                    cstackCOMMON 0072
__end_of__Umul8_16               text12       152C
__end_of___awdiv                 text16       171D
__end_of___awmod                 text15       165A
__end_of___bmul                  text14       1478
__end_of___fladd                 text10       1000
__end_of___flge                  text13       0957
__end_of___flmul                 text11       0769
__end_of___flsub                 text9        14DE
__end_of___fltol                 text8        07DF
__end_of___xxtofl                text7        0A0D
__end_of__initialization         cinit        003D
__end_of__stringtab              strings      1199
__end_of_clcd_print              text20       155F
__end_of_clcd_putch              text19       14A0
__end_of_clcd_write              text26       07FF
__end_of_clear_screen            text6        1465
__end_of_door_status_check       text5        16B8
__end_of_init_clcd               text24       0810
__end_of_init_config             text21       14BA
__end_of_init_digital_keypad     text23       144B
__end_of_init_display_controller text25       1603
__end_of_init_timer2             text22       1454
__end_of_isr                     text27       15AC
__end_of_main                    maintext     0DA8
__end_of_power_on_screen         text18       178C
__end_of_read_digital_keypad     text17       1800
__end_of_run_program             text4        0427
__end_of_set_time                text3        0C5A
__end_of_washing_program_display text2        0B14
__end_of_water_level_screen      text1        08B3
__initialization                 cinit        000F
__pbssBANK0                      bssBANK0     0069
__pbssBANK1                      bssBANK1     00C5
__pbssCOMMON                     bssCOMMON    007B
__pcstackBANK0                   cstackBANK0  0020
__pcstackBANK1                   cstackBANK1  00D0
__pcstackCOMMON                  cstackCOMMON 0070
__pdataBANK1                     dataBANK1    00A0
__pdataCOMMON                    dataCOMMON   0079
__pidataBANK1                    idataBANK1   14DE
__pidataCOMMON                   idataCOMMON  0803
__pintentry                      intentry     0004
__pmaintext                      maintext     0C5A
__pstrings                       strings      1187
__pstringtext                    stringtext   1000
__ptext1                         text1        0810
__ptext10                        text10       0DA8
__ptext11                        text11       0427
__ptext12                        text12       1503
__ptext13                        text13       08B3
__ptext14                        text14       1465
__ptext15                        text15       1603
__ptext16                        text16       16B8
__ptext17                        text17       178C
__ptext18                        text18       171D
__ptext19                        text19       148B
__ptext2                         text2        0A0D
__ptext20                        text20       152C
__ptext21                        text21       14A0
__ptext22                        text22       144B
__ptext23                        text23       1445
__ptext24                        text24       0805
__ptext25                        text25       15AC
__ptext26                        text26       07DF
__ptext27                        text27       155F
__ptext3                         text3        0B14
__ptext4                         text4        0041
__ptext5                         text5        165A
__ptext6                         text6        1454
__ptext7                         text7        0957
__ptext8                         text8        0769
__ptext9                         text9        14BA
__stringbase                     strings      1199
__stringtab                      strings      1187
_clcd_print                      text20       152C
_clcd_putch                      text19       148B
_clcd_write                      text26       07DF
_clear_screen                    text6        1454
_door_status_check               text5        165A
_init_clcd                       text24       0805
_init_config                     text21       14A0
_init_digital_keypad             text23       1445
_init_display_controller         text25       15AC
_init_timer2                     text22       144B
_isr                             text27       155F
_level                           bssBANK0     0069
_main                            maintext     0C5A
_min                             bssBANK0     006C
_operational_mode                dataCOMMON   007A
_power_on_screen                 text18       171D
_program_no                      bssBANK0     006A
_read_digital_keypad             text17       178C
_reset_flag                      dataBANK1    00C4
_rinse_time                      bssBANK1     00CD
_run_program                     text4        0041
_sec                             bssBANK0     006B
_set_time                        text3        0B14
_spin_time                       bssBANK1     00CC
_time                            bssBANK1     00CB
_total_time                      bssCOMMON    007B
_wash_time                       bssBANK1     00CE
_washing_program                 dataBANK1    00A0
_washing_program_display         text2        0A0D
_water_level                     dataBANK1    00B8
_water_level_screen              text1        0810
btemp                            (abs)        007E
clcd_print@addr                  cstackBANK0  0022
clcd_print@str                   cstackBANK0  0020
clcd_putch@addr                  cstackCOMMON 0078
clcd_putch@data                  cstackBANK0  0024
clcd_write@byte                  cstackCOMMON 0075
clcd_write@mode                  cstackCOMMON 0072
end_of_initialization            cinit        003D
init_fetch0                      inittext     1478
init_ram0                        inittext     147C
interrupt_function               intentry     0004
intlevel0                        functab      0000
intlevel1                        functab      0000
intlevel2                        functab      0000
intlevel3                        functab      0000
intlevel4                        functab      0000
intlevel5                        functab      0000
isr@count                        bssBANK1     00C5
main@delay                       cstackBANK1  00D0
main@delay_93                    cstackBANK1  00D4
main@key                         cstackBANK1  00D6
power_on_screen@i                cstackBANK0  0028
power_on_screen@i_194            cstackBANK0  0029
read_digital_keypad@key          cstackCOMMON 0072
read_digital_keypad@long_press   dataBANK1    00C2
read_digital_keypad@once         dataCOMMON   0079
read_digital_keypad@pre_key      bssBANK1     00CF
reset_vec                        reset_vec    0000
run_program@key                  cstackBANK0  0064
saved_w                          (abs)        007E
start                            init         000C
start_initialization             cinit        000F
washing_program_display@key      cstackBANK0  0027
water_level_screen@key           cstackBANK0  0027
wtemp0                           (abs)        007E


MODULE INFORMATION

Module		Function		Class		Link	Load	Size
/opt/microchip/xc8/v3.00/pic/sources/c99/common/awdiv.c
		___awdiv       		CODE           	16B8	0000	101

/opt/microchip/xc8/v3.00/pic/sources/c99/common/awdiv.c estimated size: 101

timers.c
		_init_timer2   		CODE           	144B	0000	9

timers.c estimated size: 9

/opt/microchip/xc8/v3.00/pic/sources/c99/common/fltol.c
		___fltol       		CODE           	0769	0000	118

/opt/microchip/xc8/v3.00/pic/sources/c99/common/fltol.c estimated size: 118

digital_keypad.c
		_init_digital_keypad		CODE           	1445	0000	6
		_read_digital_keypad		CODE           	178C	0000	116

digital_keypad.c estimated size: 122

/opt/microchip/xc8/v3.00/pic/sources/c99/common/Umul8.c
		___bmul        		CODE           	1465	0000	19

/opt/microchip/xc8/v3.00/pic/sources/c99/common/Umul8.c estimated size: 19

/opt/microchip/xc8/v3.00/pic/sources/c99/common/xxtofl.c
		___xxtofl      		CODE           	0957	0000	182

/opt/microchip/xc8/v3.00/pic/sources/c99/common/xxtofl.c estimated size: 182

/opt/microchip/xc8/v3.00/pic/sources/c99/common/Umul8_16.c
		__Umul8_16     		CODE           	1503	0000	41

/opt/microchip/xc8/v3.00/pic/sources/c99/common/Umul8_16.c estimated size: 41

washing_machine_function_def.c
		_door_status_check		CODE           	165A	0000	94
		_washing_program_display		CODE           	0A0D	0000	263
		_water_level_screen		CODE           	0810	0000	163
		_run_program   		CODE           	0041	0000	998
		_clear_screen  		CODE           	1454	0000	17
		_power_on_screen		CODE           	171D	0000	111
		_set_time      		CODE           	0B14	0000	326

washing_machine_function_def.c estimated size: 1972

/opt/microchip/xc8/v3.00/pic/sources/c99/common/sprcmul.c
		___flmul       		CODE           	0427	0000	834

/opt/microchip/xc8/v3.00/pic/sources/c99/common/sprcmul.c estimated size: 834

isr.c
		_isr           		CODE           	155F	0000	77

isr.c estimated size: 77

shared
		__stringtab    		STRING         	1187	0000	18
		__initialization		CODE           	000F	0000	46

shared estimated size: 64

clcd.c
		_clcd_write    		CODE           	07DF	0000	32
		_clcd_print    		CODE           	152C	0000	51
		_clcd_putch    		CODE           	148B	0000	21
		_init_display_controller		CODE           	15AC	0000	87
		_init_clcd     		CODE           	0805	0000	11

clcd.c estimated size: 202

/opt/microchip/xc8/v3.00/pic/sources/c99/common/awmod.c
		___awmod       		CODE           	1603	0000	87

/opt/microchip/xc8/v3.00/pic/sources/c99/common/awmod.c estimated size: 87

/opt/microchip/xc8/v3.00/pic/sources/c99/common/flge.c
		___flge        		CODE           	08B3	0000	164

/opt/microchip/xc8/v3.00/pic/sources/c99/common/flge.c estimated size: 164

main.c
		_main          		CODE           	0C5A	0000	334
		_init_config   		CODE           	14A0	0000	26

main.c estimated size: 360

/opt/microchip/xc8/v3.00/pic/sources/c99/common/sprcadd.c
		___flsub       		CODE           	14BA	0000	36
		___fladd       		CODE           	0DA8	0000	600

/opt/microchip/xc8/v3.00/pic/sources/c99/common/sprcadd.c estimated size: 636

